
ASUS@DESKTOP-4TMILQU MINGW64 ~
$ ssh-keygen -t rsa -b 4096 -C "lingababu987@gmail.com"
Generating public/private rsa key pair.
Enter file in which to save the key (/c/Users/ASUS/.ssh/id_rsa):
/c/Users/ASUS/.ssh/id_rsa already exists.
Overwrite (y/n)?

ASUS@DESKTOP-4TMILQU MINGW64 ~
$ eval "$(ssh-agent -s)"
Agent pid 224

ASUS@DESKTOP-4TMILQU MINGW64 ~
$ ssh-add ~/.ssh/id_rsa
Identity added: /c/Users/ASUS/.ssh/id_rsa (lingababu987@gmail.com)

ASUS@DESKTOP-4TMILQU MINGW64 ~
$ ^[[200~clip < ~/.ssh/id_rsa.pub
bash: $'\E[200~clip': command not found

ASUS@DESKTOP-4TMILQU MINGW64 ~
$ clip < ~/.ssh/id_rsa.pub

ASUS@DESKTOP-4TMILQU MINGW64 ~
$ ssh -T git@github.com
The authenticity of host 'github.com (20.207.73.82)' can't be established.
ED25519 key fingerprint is SHA256:+DiY3wvvV6TuJJhbpZisF/zLDA0zPMSvHdkr4UvCOqU.
This key is not known by any other names.
Are you sure you want to continue connecting (yes/no/[fingerprint])? yes
Warning: Permanently added 'github.com' (ED25519) to the list of known hosts.
git@github.com: Permission denied (publickey).

ASUS@DESKTOP-4TMILQU MINGW64 ~
$ clip < ~/.ssh/id_rsa.pub     #It will generate the ssh key after that you need to 

ASUS@DESKTOP-4TMILQU MINGW64 ~
$ ssh -T git@github.com
Hi Lingababu-Nagalakshmi! You've successfully authenticated, but GitHub does not provide shell access.

ASUS@DESKTOP-4TMILQU MINGW64 ~
$ ssh -T git@github.com
Hi Lingababu-Nagalakshmi! You've successfully authenticated, but GitHub does not provide shell access.

ASUS@DESKTOP-4TMILQU MINGW64 ~
$ ls
'3D Objects'/                Documents/               Music/                                                                                         OneDrive/          SendTo@           kmsauto++.exe*
 AppData/                    Downloads/              'My Documents'@                                                                                 Pictures/         'Start Menu'@      ntuser.dat.LOG1
'Application Data'@          Favorites/               NTUSER.DAT                                                                                     PrintHood@         Templates@        ntuser.dat.LOG2
'Basic Coading Part.ipynb'   IntelGraphicsProfiles/   NTUSER.DAT{06513291-0e73-11ee-a58e-af35069ced87}.TM.blf                                        PycharmProjects/   Untitled.ipynb    ntuser.ini
 Contacts/                   KMSAuto++.ini            NTUSER.DAT{06513291-0e73-11ee-a58e-af35069ced87}.TMContainer00000000000000000001.regtrans-ms   Recent@            Untitled1.ipynb
 Cookies@                    Links/                   NTUSER.DAT{06513291-0e73-11ee-a58e-af35069ced87}.TMContainer00000000000000000002.regtrans-ms  'Saved Games'/      Videos/
 Desktop/                   'Local Settings'@         NetHood@                                                                                       Searches/          anaconda3/

ASUS@DESKTOP-4TMILQU MINGW64 ~
$ cd Desktop

ASUS@DESKTOP-4TMILQU MINGW64 ~/Desktop (master)
$ cd Programming/

ASUS@DESKTOP-4TMILQU MINGW64 ~/Desktop/Programming (master)
$ git clone git@github.com:Lingababu-Nagalakshmi/Programming.git
Cloning into 'Programming'...
remote: Enumerating objects: 3, done.
remote: Counting objects: 100% (3/3), done.
remote: Total 3 (delta 0), reused 0 (delta 0), pack-reused 0
Receiving objects: 100% (3/3), done.

ASUS@DESKTOP-4TMILQU MINGW64 ~/Desktop/Programming (master)
$ ^C

ASUS@DESKTOP-4TMILQU MINGW64 ~/Desktop/Programming (master)
